 * Serving Flask app 'app'
 * Debug mode: on
python : WARNING: This is a development server. Do not use it in a production deployment. Use a production WSGI server instead.
所在位置 行:1 字符: 1
+ python app.py > error_log.txt 2>&1
+ ~~~~~~~~~~~~~~~~~~~~~~~~~~~~~~~~~~
    + CategoryInfo          : NotSpecified: (WARNING: This i...server instead.:String) [], RemoteException
    + FullyQualifiedErrorId : NativeCommandError
 
 * Running on http://127.0.0.1:5000
Press CTRL+C to quit
 * Restarting with watchdog (windowsapi)
 * Debugger is active!
 * Debugger PIN: 716-002-529
